============================= test session starts =============================
platform win32 -- Python 3.12.9, pytest-7.4.3, pluggy-1.6.0
rootdir: C:\Users\user\OneDrive\Desktop\CODE\Customizable_Inventory_Management_System
plugins: anyio-3.7.1, asyncio-0.21.1, cov-4.1.0, mock-3.12.0
asyncio: mode=Mode.STRICT
collected 8 items

test\whitebox\test_security.py ....                                      [ 50%]
test\blackbox\test_blackbox_bva.py ..F.                                  [100%]

================================== FAILURES ===================================
_____________________ test_login_bva_invalid_credentials ______________________

    def test_login_bva_invalid_credentials():
        # Equivalence Class: Invalid combination
        payload = {"email": "test@example.com", "password": "wrongpassword"}
        response = requests.post(f"{BASE_URL}/auth/login", json=payload)
>       assert response.status_code in [400, 401] # Depends on exact backend implementation (401 Unauthorized or 400 Bad Request)
E       assert 422 in [400, 401]
E        +  where 422 = <Response [422]>.status_code

test\blackbox\test_blackbox_bva.py:26: AssertionError
=========================== short test summary info ===========================
FAILED test/blackbox/test_blackbox_bva.py::test_login_bva_invalid_credentials
======================== 1 failed, 7 passed in 10.29s =========================
